// Jest Snapshot v1, https://goo.gl/fbAQLP

exports[`renders correctly 1`] = `
<div
  className="transaction"
>
  <div
    id={4}
  />
</div>
`;
