// Jest Snapshot v1, https://goo.gl/fbAQLP

exports[`renders correctly 1`] = `
<div
  className="errorScreen"
>
  <div
    className="errorContainer"
  >
    <h1
      className="errorTitle"
    >
      Sorry, something went wrong.
    </h1>
    <p>
      We're working on it and we'll get it fixed as soon as we can.
    </p>
  </div>
</div>
`;
