// Jest Snapshot v1, https://goo.gl/fbAQLP

exports[`renders correctly 1`] = `
<div
  className="header"
>
  <div />
  <div />
  <div
    className="gitHubButton"
    type="Star"
  />
  <div
    className="gitHubButton"
    type="Fork"
  />
  <div />
</div>
`;
