// Jest Snapshot v1, https://goo.gl/fbAQLP

exports[`renders correctly 1`] = `
<div
  className="containerGoBack"
  onClick={[Function]}
  role="button"
  tabIndex="0"
>
  <span>
    ‚Üê Back
  </span>
</div>
`;
