// Jest Snapshot v1, https://goo.gl/fbAQLP

exports[`Testing BudgetDetails... renders correctly 1`] = `null`;
