// Jest Snapshot v1, https://goo.gl/fbAQLP

exports[`renders correctly 1`] = `
<div
  className="balanceRowContainer"
>
  <div
    className="balanceRow"
  >
    test
  </div>
</div>
`;
