// Jest Snapshot v1, https://goo.gl/fbAQLP

exports[`renders correctly 1`] = `
<div>
  <h1>
    Item not found. 
  </h1>
  <h2>
    Make sure the ID is correct and try again
  </h2>
</div>
`;
