// Jest Snapshot v1, https://goo.gl/fbAQLP

exports[`renders correctly 1`] = `
<tr>
  <td>
    <a
      className="navLink "
      href="/details/1"
      onClick={[Function]}
    >
      Groceries
    </a>
  </td>
  <td>
    <div
      className="cellLabel"
    >
      Description
    </div>
    <div
      className="cellContent"
    >
      Trader Joe's food
    </div>
  </td>
  <td
    className="neg"
  >
    <div
      className="cellLabel"
    >
      Amount
    </div>
    <div
      className="cellContent"
    >
      -$423.34
    </div>
  </td>
</tr>
`;
