// Jest Snapshot v1, https://goo.gl/fbAQLP

exports[`renders correctly 1`] = `
<div>
  <h1>
    Title
  </h1>
  <p>
    Description
  </p>
</div>
`;
