// Jest Snapshot v1, https://goo.gl/fbAQLP

exports[`renders correctly 1`] = `
<button
  className="button"
  onClick={[Function]}
>
  ‚Üê Go Back
</button>
`;
