// Jest Snapshot v1, https://goo.gl/fbAQLP

exports[`provideContextBroadcast should return a HOC that renders correctly 1`] = `
<div>
  test
</div>
`;
